<?xml version="1.0"?>
<link_info>
   <banner>TI ARM Linker PC v16.9.6.LTS</banner>
   <copyright>Copyright (c) 1996-2017 Texas Instruments Incorporated</copyright>
   <link_time>0x5a35a440</link_time>
   <link_errors>0x0</link_errors>
   <output_file>Slave.out</output_file>
   <entry_point>
      <name>_c_int00</name>
      <address>0x331d</address>
   </entry_point>
   <input_file_list>
      <input_file id="fl-2">
         <path>.\</path>
         <kind>object</kind>
         <file>IRBeamsSv.obj</file>
         <name>IRBeamsSv.obj</name>
      </input_file>
      <input_file id="fl-3">
         <path>.\</path>
         <kind>object</kind>
         <file>bluetooth.obj</file>
         <name>bluetooth.obj</name>
      </input_file>
      <input_file id="fl-4">
         <path>.\</path>
         <kind>object</kind>
         <file>buffer.obj</file>
         <name>buffer.obj</name>
      </input_file>
      <input_file id="fl-5">
         <path>.\</path>
         <kind>object</kind>
         <file>gpio1.obj</file>
         <name>gpio1.obj</name>
      </input_file>
      <input_file id="fl-6">
         <path>.\</path>
         <kind>object</kind>
         <file>main_s.obj</file>
         <name>main_s.obj</name>
      </input_file>
      <input_file id="fl-7">
         <path>.\</path>
         <kind>object</kind>
         <file>startup_msp432p401r_ccs.obj</file>
         <name>startup_msp432p401r_ccs.obj</name>
      </input_file>
      <input_file id="fl-8">
         <path>.\</path>
         <kind>object</kind>
         <file>system_msp432p401r.obj</file>
         <name>system_msp432p401r.obj</name>
      </input_file>
      <input_file id="fl-9">
         <path>.\</path>
         <kind>object</kind>
         <file>timer.obj</file>
         <name>timer.obj</name>
      </input_file>
      <input_file id="fl-a">
         <path>.\</path>
         <kind>object</kind>
         <file>uart.obj</file>
         <name>uart.obj</name>
      </input_file>
      <input_file id="fl-e">
         <kind>object</kind>
         <file>&lt;internal&gt;</file>
         <name>&lt;internal&gt;</name>
      </input_file>
      <input_file id="fl-c4">
         <path>C:\ti\ccsv7\tools\compiler\ti-cgt-arm_16.9.6.LTS\lib\</path>
         <kind>archive</kind>
         <file>rtsv7M4_T_le_v4SPD16_eabi.lib</file>
         <name>boot.obj</name>
      </input_file>
      <input_file id="fl-c5">
         <path>C:\ti\ccsv7\tools\compiler\ti-cgt-arm_16.9.6.LTS\lib\</path>
         <kind>archive</kind>
         <file>rtsv7M4_T_le_v4SPD16_eabi.lib</file>
         <name>copy_decompress_lzss.obj</name>
      </input_file>
      <input_file id="fl-c6">
         <path>C:\ti\ccsv7\tools\compiler\ti-cgt-arm_16.9.6.LTS\lib\</path>
         <kind>archive</kind>
         <file>rtsv7M4_T_le_v4SPD16_eabi.lib</file>
         <name>copy_decompress_none.obj</name>
      </input_file>
      <input_file id="fl-c7">
         <path>C:\ti\ccsv7\tools\compiler\ti-cgt-arm_16.9.6.LTS\lib\</path>
         <kind>archive</kind>
         <file>rtsv7M4_T_le_v4SPD16_eabi.lib</file>
         <name>copy_zero_init.obj</name>
      </input_file>
      <input_file id="fl-c8">
         <path>C:\ti\ccsv7\tools\compiler\ti-cgt-arm_16.9.6.LTS\lib\</path>
         <kind>archive</kind>
         <file>rtsv7M4_T_le_v4SPD16_eabi.lib</file>
         <name>exit.obj</name>
      </input_file>
      <input_file id="fl-c9">
         <path>C:\ti\ccsv7\tools\compiler\ti-cgt-arm_16.9.6.LTS\lib\</path>
         <kind>archive</kind>
         <file>rtsv7M4_T_le_v4SPD16_eabi.lib</file>
         <name>memcpy_t2.obj</name>
      </input_file>
      <input_file id="fl-ca">
         <path>C:\ti\ccsv7\tools\compiler\ti-cgt-arm_16.9.6.LTS\lib\</path>
         <kind>archive</kind>
         <file>rtsv7M4_T_le_v4SPD16_eabi.lib</file>
         <name>memory.obj</name>
      </input_file>
      <input_file id="fl-cb">
         <path>C:\ti\ccsv7\tools\compiler\ti-cgt-arm_16.9.6.LTS\lib\</path>
         <kind>archive</kind>
         <file>rtsv7M4_T_le_v4SPD16_eabi.lib</file>
         <name>memset_t2.obj</name>
      </input_file>
      <input_file id="fl-cc">
         <path>C:\ti\ccsv7\tools\compiler\ti-cgt-arm_16.9.6.LTS\lib\</path>
         <kind>archive</kind>
         <file>rtsv7M4_T_le_v4SPD16_eabi.lib</file>
         <name>mpu_init.obj</name>
      </input_file>
      <input_file id="fl-cd">
         <path>C:\ti\ccsv7\tools\compiler\ti-cgt-arm_16.9.6.LTS\lib\</path>
         <kind>archive</kind>
         <file>rtsv7M4_T_le_v4SPD16_eabi.lib</file>
         <name>pre_init.obj</name>
      </input_file>
      <input_file id="fl-ce">
         <path>C:\ti\ccsv7\tools\compiler\ti-cgt-arm_16.9.6.LTS\lib\</path>
         <kind>archive</kind>
         <file>rtsv7M4_T_le_v4SPD16_eabi.lib</file>
         <name>sprintf.obj</name>
      </input_file>
      <input_file id="fl-cf">
         <path>C:\ti\ccsv7\tools\compiler\ti-cgt-arm_16.9.6.LTS\lib\</path>
         <kind>archive</kind>
         <file>rtsv7M4_T_le_v4SPD16_eabi.lib</file>
         <name>stkdepth_vars.obj</name>
      </input_file>
      <input_file id="fl-d0">
         <path>C:\ti\ccsv7\tools\compiler\ti-cgt-arm_16.9.6.LTS\lib\</path>
         <kind>archive</kind>
         <file>rtsv7M4_T_le_v4SPD16_eabi.lib</file>
         <name>strlen.obj</name>
      </input_file>
      <input_file id="fl-d1">
         <path>C:\ti\ccsv7\tools\compiler\ti-cgt-arm_16.9.6.LTS\lib\</path>
         <kind>archive</kind>
         <file>rtsv7M4_T_le_v4SPD16_eabi.lib</file>
         <name>_lock.obj</name>
      </input_file>
      <input_file id="fl-d2">
         <path>C:\ti\ccsv7\tools\compiler\ti-cgt-arm_16.9.6.LTS\lib\</path>
         <kind>archive</kind>
         <file>rtsv7M4_T_le_v4SPD16_eabi.lib</file>
         <name>_printfi.obj</name>
      </input_file>
      <input_file id="fl-d3">
         <path>C:\ti\ccsv7\tools\compiler\ti-cgt-arm_16.9.6.LTS\lib\</path>
         <kind>archive</kind>
         <file>rtsv7M4_T_le_v4SPD16_eabi.lib</file>
         <name>args_main.obj</name>
      </input_file>
      <input_file id="fl-d4">
         <path>C:\ti\ccsv7\tools\compiler\ti-cgt-arm_16.9.6.LTS\lib\</path>
         <kind>archive</kind>
         <file>rtsv7M4_T_le_v4SPD16_eabi.lib</file>
         <name>atoi.obj</name>
      </input_file>
      <input_file id="fl-d5">
         <path>C:\ti\ccsv7\tools\compiler\ti-cgt-arm_16.9.6.LTS\lib\</path>
         <kind>archive</kind>
         <file>rtsv7M4_T_le_v4SPD16_eabi.lib</file>
         <name>autoinit.obj</name>
      </input_file>
      <input_file id="fl-d6">
         <path>C:\ti\ccsv7\tools\compiler\ti-cgt-arm_16.9.6.LTS\lib\</path>
         <kind>archive</kind>
         <file>rtsv7M4_T_le_v4SPD16_eabi.lib</file>
         <name>cpy_tbl.obj</name>
      </input_file>
      <input_file id="fl-d7">
         <path>C:\ti\ccsv7\tools\compiler\ti-cgt-arm_16.9.6.LTS\lib\</path>
         <kind>archive</kind>
         <file>rtsv7M4_T_le_v4SPD16_eabi.lib</file>
         <name>ctype.obj</name>
      </input_file>
      <input_file id="fl-d8">
         <path>C:\ti\ccsv7\tools\compiler\ti-cgt-arm_16.9.6.LTS\lib\</path>
         <kind>archive</kind>
         <file>rtsv7M4_T_le_v4SPD16_eabi.lib</file>
         <name>fd_add_t2.obj</name>
      </input_file>
      <input_file id="fl-d9">
         <path>C:\ti\ccsv7\tools\compiler\ti-cgt-arm_16.9.6.LTS\lib\</path>
         <kind>archive</kind>
         <file>rtsv7M4_T_le_v4SPD16_eabi.lib</file>
         <name>fd_cmp_t2.obj</name>
      </input_file>
      <input_file id="fl-da">
         <path>C:\ti\ccsv7\tools\compiler\ti-cgt-arm_16.9.6.LTS\lib\</path>
         <kind>archive</kind>
         <file>rtsv7M4_T_le_v4SPD16_eabi.lib</file>
         <name>fd_div_t2.obj</name>
      </input_file>
      <input_file id="fl-db">
         <path>C:\ti\ccsv7\tools\compiler\ti-cgt-arm_16.9.6.LTS\lib\</path>
         <kind>archive</kind>
         <file>rtsv7M4_T_le_v4SPD16_eabi.lib</file>
         <name>fd_mul_t2.obj</name>
      </input_file>
      <input_file id="fl-dc">
         <path>C:\ti\ccsv7\tools\compiler\ti-cgt-arm_16.9.6.LTS\lib\</path>
         <kind>archive</kind>
         <file>rtsv7M4_T_le_v4SPD16_eabi.lib</file>
         <name>fd_toi_t2.obj</name>
      </input_file>
      <input_file id="fl-dd">
         <path>C:\ti\ccsv7\tools\compiler\ti-cgt-arm_16.9.6.LTS\lib\</path>
         <kind>archive</kind>
         <file>rtsv7M4_T_le_v4SPD16_eabi.lib</file>
         <name>i_tofd_t2.obj</name>
      </input_file>
      <input_file id="fl-de">
         <path>C:\ti\ccsv7\tools\compiler\ti-cgt-arm_16.9.6.LTS\lib\</path>
         <kind>archive</kind>
         <file>rtsv7M4_T_le_v4SPD16_eabi.lib</file>
         <name>ltoa.obj</name>
      </input_file>
      <input_file id="fl-df">
         <path>C:\ti\ccsv7\tools\compiler\ti-cgt-arm_16.9.6.LTS\lib\</path>
         <kind>archive</kind>
         <file>rtsv7M4_T_le_v4SPD16_eabi.lib</file>
         <name>memccpy.obj</name>
      </input_file>
      <input_file id="fl-e0">
         <path>C:\ti\ccsv7\tools\compiler\ti-cgt-arm_16.9.6.LTS\lib\</path>
         <kind>archive</kind>
         <file>rtsv7M4_T_le_v4SPD16_eabi.lib</file>
         <name>s_frexp.obj</name>
      </input_file>
      <input_file id="fl-e1">
         <path>C:\ti\ccsv7\tools\compiler\ti-cgt-arm_16.9.6.LTS\lib\</path>
         <kind>archive</kind>
         <file>rtsv7M4_T_le_v4SPD16_eabi.lib</file>
         <name>s_scalbn.obj</name>
      </input_file>
      <input_file id="fl-e2">
         <path>C:\ti\ccsv7\tools\compiler\ti-cgt-arm_16.9.6.LTS\lib\</path>
         <kind>archive</kind>
         <file>rtsv7M4_T_le_v4SPD16_eabi.lib</file>
         <name>startup.obj</name>
      </input_file>
      <input_file id="fl-e3">
         <path>C:\ti\ccsv7\tools\compiler\ti-cgt-arm_16.9.6.LTS\lib\</path>
         <kind>archive</kind>
         <file>rtsv7M4_T_le_v4SPD16_eabi.lib</file>
         <name>strchr.obj</name>
      </input_file>
      <input_file id="fl-e4">
         <path>C:\ti\ccsv7\tools\compiler\ti-cgt-arm_16.9.6.LTS\lib\</path>
         <kind>archive</kind>
         <file>rtsv7M4_T_le_v4SPD16_eabi.lib</file>
         <name>ull_div_t2.obj</name>
      </input_file>
      <input_file id="fl-e5">
         <path>C:\ti\ccsv7\tools\compiler\ti-cgt-arm_16.9.6.LTS\lib\</path>
         <kind>archive</kind>
         <file>rtsv7M4_T_le_v4SPD16_eabi.lib</file>
         <name>errno.obj</name>
      </input_file>
      <input_file id="fl-e6">
         <path>C:\ti\ccsv7\tools\compiler\ti-cgt-arm_16.9.6.LTS\lib\</path>
         <kind>archive</kind>
         <file>rtsv7M4_T_le_v4SPD16_eabi.lib</file>
         <name>s_copysign.obj</name>
      </input_file>
   </input_file_list>
   <object_component_list>
      <object_component id="oc-2c">
         <name>.intvecs:retain</name>
         <load_address>0x0</load_address>
         <run_address>0x0</run_address>
         <size>0xe4</size>
         <input_file_ref idref="fl-7"/>
      </object_component>
      <object_component id="oc-188">
         <name>.text</name>
         <load_address>0xe4</load_address>
         <run_address>0xe4</run_address>
         <size>0x113e</size>
         <input_file_ref idref="fl-d2"/>
      </object_component>
      <object_component id="oc-56">
         <name>.text</name>
         <load_address>0x1222</load_address>
         <run_address>0x1222</run_address>
         <size>0x2</size>
         <input_file_ref idref="fl-cc"/>
      </object_component>
      <object_component id="oc-126">
         <name>.text</name>
         <load_address>0x1224</load_address>
         <run_address>0x1224</run_address>
         <size>0x488</size>
         <input_file_ref idref="fl-3"/>
      </object_component>
      <object_component id="oc-ef">
         <name>.text</name>
         <load_address>0x16ac</load_address>
         <run_address>0x16ac</run_address>
         <size>0x3d0</size>
         <input_file_ref idref="fl-ca"/>
      </object_component>
      <object_component id="oc-d0">
         <name>.text</name>
         <load_address>0x1a7c</load_address>
         <run_address>0x1a7c</run_address>
         <size>0x334</size>
         <input_file_ref idref="fl-8"/>
      </object_component>
      <object_component id="oc-84">
         <name>.text</name>
         <load_address>0x1db0</load_address>
         <run_address>0x1db0</run_address>
         <size>0x2f0</size>
         <input_file_ref idref="fl-4"/>
      </object_component>
      <object_component id="oc-7e">
         <name>.text</name>
         <load_address>0x20a0</load_address>
         <run_address>0x20a0</run_address>
         <size>0x24c</size>
         <input_file_ref idref="fl-2"/>
      </object_component>
      <object_component id="oc-19e">
         <name>.text</name>
         <load_address>0x22ec</load_address>
         <run_address>0x22ec</run_address>
         <size>0x1f4</size>
         <input_file_ref idref="fl-e4"/>
      </object_component>
      <object_component id="oc-8a">
         <name>.text</name>
         <load_address>0x24e0</load_address>
         <run_address>0x24e0</run_address>
         <size>0x1e8</size>
         <input_file_ref idref="fl-5"/>
      </object_component>
      <object_component id="oc-1c7">
         <name>.text</name>
         <load_address>0x26c8</load_address>
         <run_address>0x26c8</run_address>
         <size>0x1b6</size>
         <input_file_ref idref="fl-d8"/>
      </object_component>
      <object_component id="oc-b5">
         <name>.text</name>
         <load_address>0x287e</load_address>
         <run_address>0x287e</run_address>
         <size>0x2</size>
         <input_file_ref idref="fl-e2"/>
      </object_component>
      <object_component id="oc-bd">
         <name>.text</name>
         <load_address>0x2880</load_address>
         <run_address>0x2880</run_address>
         <size>0x158</size>
         <input_file_ref idref="fl-6"/>
      </object_component>
      <object_component id="oc-120">
         <name>.text</name>
         <load_address>0x29d8</load_address>
         <run_address>0x29d8</run_address>
         <size>0x150</size>
         <input_file_ref idref="fl-9"/>
      </object_component>
      <object_component id="oc-1ad">
         <name>.text</name>
         <load_address>0x2b28</load_address>
         <run_address>0x2b28</run_address>
         <size>0x136</size>
         <input_file_ref idref="fl-da"/>
      </object_component>
      <object_component id="oc-d7">
         <name>.text</name>
         <load_address>0x2c60</load_address>
         <run_address>0x2c60</run_address>
         <size>0x104</size>
         <input_file_ref idref="fl-a"/>
      </object_component>
      <object_component id="oc-1a8">
         <name>.text</name>
         <load_address>0x2d64</load_address>
         <run_address>0x2d64</run_address>
         <size>0xfc</size>
         <input_file_ref idref="fl-db"/>
      </object_component>
      <object_component id="oc-1d2">
         <name>.text</name>
         <load_address>0x2e60</load_address>
         <run_address>0x2e60</run_address>
         <size>0xfc</size>
         <input_file_ref idref="fl-e1"/>
      </object_component>
      <object_component id="oc-3e">
         <name>.text</name>
         <load_address>0x2f5c</load_address>
         <run_address>0x2f5c</run_address>
         <size>0x9c</size>
         <input_file_ref idref="fl-c9"/>
      </object_component>
      <object_component id="oc-1a3">
         <name>.text:__aeabi_cdcmple</name>
         <load_address>0x2ff8</load_address>
         <run_address>0x2ff8</run_address>
         <size>0x86</size>
         <input_file_ref idref="fl-d9"/>
      </object_component>
      <object_component id="oc-1b2">
         <name>.text:__aeabi_cdrcmple</name>
         <load_address>0x307e</load_address>
         <run_address>0x307e</run_address>
         <size>0x86</size>
         <input_file_ref idref="fl-d9"/>
      </object_component>
      <object_component id="oc-4a">
         <name>.text</name>
         <load_address>0x3104</load_address>
         <run_address>0x3104</run_address>
         <size>0x7a</size>
         <input_file_ref idref="fl-cb"/>
      </object_component>
      <object_component id="oc-62">
         <name>.text</name>
         <load_address>0x3180</load_address>
         <run_address>0x3180</run_address>
         <size>0x70</size>
         <input_file_ref idref="fl-d5"/>
      </object_component>
      <object_component id="oc-14">
         <name>.text:decompress:lzss</name>
         <load_address>0x31f0</load_address>
         <run_address>0x31f0</run_address>
         <size>0x68</size>
         <input_file_ref idref="fl-c5"/>
      </object_component>
      <object_component id="oc-1cc">
         <name>.text</name>
         <load_address>0x3258</load_address>
         <run_address>0x3258</run_address>
         <size>0x64</size>
         <input_file_ref idref="fl-e0"/>
      </object_component>
      <object_component id="oc-16e">
         <name>.text</name>
         <load_address>0x32bc</load_address>
         <run_address>0x32bc</run_address>
         <size>0x60</size>
         <input_file_ref idref="fl-ce"/>
      </object_component>
      <object_component id="oc-26">
         <name>.text</name>
         <load_address>0x331c</load_address>
         <run_address>0x331c</run_address>
         <size>0x54</size>
         <input_file_ref idref="fl-c4"/>
      </object_component>
      <object_component id="oc-6e">
         <name>.text</name>
         <load_address>0x3370</load_address>
         <run_address>0x3370</run_address>
         <size>0x54</size>
         <input_file_ref idref="fl-c8"/>
      </object_component>
      <object_component id="oc-1bc">
         <name>.text</name>
         <load_address>0x33c4</load_address>
         <run_address>0x33c4</run_address>
         <size>0x54</size>
         <input_file_ref idref="fl-de"/>
      </object_component>
      <object_component id="oc-1de">
         <name>.text</name>
         <load_address>0x3418</load_address>
         <run_address>0x3418</run_address>
         <size>0x4c</size>
         <input_file_ref idref="fl-d4"/>
      </object_component>
      <object_component id="oc-af">
         <name>.text</name>
         <load_address>0x3464</load_address>
         <run_address>0x3464</run_address>
         <size>0x4c</size>
         <input_file_ref idref="fl-d6"/>
      </object_component>
      <object_component id="oc-1b7">
         <name>.text</name>
         <load_address>0x34b0</load_address>
         <run_address>0x34b0</run_address>
         <size>0x48</size>
         <input_file_ref idref="fl-dc"/>
      </object_component>
      <object_component id="oc-1c2">
         <name>.text</name>
         <load_address>0x34f8</load_address>
         <run_address>0x34f8</run_address>
         <size>0x2e</size>
         <input_file_ref idref="fl-dd"/>
      </object_component>
      <object_component id="oc-1e4">
         <name>.text</name>
         <load_address>0x3526</load_address>
         <run_address>0x3526</run_address>
         <size>0x1c</size>
         <input_file_ref idref="fl-df"/>
      </object_component>
      <object_component id="oc-68">
         <name>.text</name>
         <load_address>0x3544</load_address>
         <run_address>0x3544</run_address>
         <size>0x18</size>
         <input_file_ref idref="fl-d3"/>
      </object_component>
      <object_component id="oc-1d8">
         <name>.text</name>
         <load_address>0x355c</load_address>
         <run_address>0x355c</run_address>
         <size>0x16</size>
         <input_file_ref idref="fl-e3"/>
      </object_component>
      <object_component id="oc-139">
         <name>.text</name>
         <load_address>0x3574</load_address>
         <run_address>0x3574</run_address>
         <size>0x14</size>
         <input_file_ref idref="fl-d1"/>
      </object_component>
      <object_component id="oc-20e">
         <name>.text</name>
         <load_address>0x3588</load_address>
         <run_address>0x3588</run_address>
         <size>0x14</size>
         <input_file_ref idref="fl-e6"/>
      </object_component>
      <object_component id="oc-e9">
         <name>.text</name>
         <load_address>0x359c</load_address>
         <run_address>0x359c</run_address>
         <size>0x14</size>
         <input_file_ref idref="fl-d0"/>
      </object_component>
      <object_component id="oc-1a">
         <name>.text:decompress:none</name>
         <load_address>0x35b0</load_address>
         <run_address>0x35b0</run_address>
         <size>0xe</size>
         <input_file_ref idref="fl-c6"/>
      </object_component>
      <object_component id="oc-78">
         <name>.text</name>
         <load_address>0x35be</load_address>
         <run_address>0x35be</run_address>
         <size>0xe</size>
         <input_file_ref idref="fl-7"/>
      </object_component>
      <object_component id="oc-20">
         <name>.text:decompress:ZI</name>
         <load_address>0x35cc</load_address>
         <run_address>0x35cc</run_address>
         <size>0xc</size>
         <input_file_ref idref="fl-c7"/>
      </object_component>
      <object_component id="oc-5c">
         <name>.text</name>
         <load_address>0x35d8</load_address>
         <run_address>0x35d8</run_address>
         <size>0x4</size>
         <input_file_ref idref="fl-cd"/>
      </object_component>
      <object_component id="oc-21b">
         <name>.const:.string:_ctypes_</name>
         <load_address>0x35dc</load_address>
         <run_address>0x35dc</run_address>
         <size>0x101</size>
         <input_file_ref idref="fl-d7"/>
      </object_component>
      <object_component id="oc-264">
         <name>.cinit..data.load</name>
         <load_address>0x36e0</load_address>
         <run_address>0x36e0</run_address>
         <size>0x1f</size>
      </object_component>
      <object_component id="oc-262">
         <name>__TI_handler_table</name>
         <load_address>0x3700</load_address>
         <run_address>0x3700</run_address>
         <size>0xc</size>
      </object_component>
      <object_component id="oc-265">
         <name>.cinit..bss.load</name>
         <load_address>0x3710</load_address>
         <run_address>0x3710</run_address>
         <size>0x8</size>
      </object_component>
      <object_component id="oc-263">
         <name>__TI_cinit_table</name>
         <load_address>0x3718</load_address>
         <run_address>0x3718</run_address>
         <size>0x10</size>
      </object_component>
      <object_component id="oc-23f">
         <name>.binit</name>
         <load_address>0x0</load_address>
         <run_address>0x0</run_address>
         <size>0x0</size>
      </object_component>
      <object_component id="oc-dd">
         <name>.data</name>
         <load_address>0x20000418</load_address>
         <run_address>0x20000418</run_address>
         <size>0xc</size>
         <input_file_ref idref="fl-2"/>
      </object_component>
      <object_component id="oc-174">
         <name>.data</name>
         <load_address>0x2000042c</load_address>
         <run_address>0x2000042c</run_address>
         <size>0x6</size>
         <input_file_ref idref="fl-3"/>
      </object_component>
      <object_component id="oc-145">
         <name>.data</name>
         <load_address>0x2000043c</load_address>
         <run_address>0x2000043c</run_address>
         <size>0x4</size>
         <input_file_ref idref="fl-8"/>
      </object_component>
      <object_component id="oc-c5">
         <name>.data:$O1$$</name>
         <load_address>0x20000400</load_address>
         <run_address>0x20000400</run_address>
         <size>0xc</size>
         <input_file_ref idref="fl-c8"/>
      </object_component>
      <object_component id="oc-156">
         <name>.data:$O1$$</name>
         <load_address>0x2000040c</load_address>
         <run_address>0x2000040c</run_address>
         <size>0xc</size>
         <input_file_ref idref="fl-ca"/>
      </object_component>
      <object_component id="oc-74">
         <name>.data</name>
         <load_address>0x20000438</load_address>
         <run_address>0x20000438</run_address>
         <size>0x4</size>
         <input_file_ref idref="fl-cf"/>
      </object_component>
      <object_component id="oc-c8">
         <name>.data:$O1$$</name>
         <load_address>0x20000424</load_address>
         <run_address>0x20000424</run_address>
         <size>0x8</size>
         <input_file_ref idref="fl-d1"/>
      </object_component>
      <object_component id="oc-214">
         <name>.data</name>
         <load_address>0x20000434</load_address>
         <run_address>0x20000434</run_address>
         <size>0x4</size>
         <input_file_ref idref="fl-e5"/>
      </object_component>
      <object_component id="oc-e0">
         <name>.common:msg</name>
         <uninitialized>true</uninitialized>
         <run_address>0x20000448</run_address>
         <size>0x4</size>
      </object_component>
      <object_component id="oc-177">
         <name>.common:HB</name>
         <uninitialized>true</uninitialized>
         <run_address>0x20000440</run_address>
         <size>0x6</size>
      </object_component>
      <object_component id="oc-f5">
         <name>.common:tx</name>
         <uninitialized>true</uninitialized>
         <run_address>0x20000450</run_address>
         <size>0x4</size>
      </object_component>
      <object_component id="oc-f8">
         <name>.common:rx</name>
         <uninitialized>true</uninitialized>
         <run_address>0x2000044c</run_address>
         <size>0x4</size>
      </object_component>
      <object_component id="oc-f9">
         <name>.common:ready</name>
         <uninitialized>true</uninitialized>
         <run_address>0x20000454</run_address>
         <size>0x1</size>
      </object_component>
      <object_component id="oc-12c">
         <name>.common:value</name>
         <uninitialized>true</uninitialized>
         <run_address>0x20000446</run_address>
         <size>0x2</size>
      </object_component>
      <object_component id="oc-30">
         <name>.sysmem</name>
         <uninitialized>true</uninitialized>
         <run_address>0x20000000</run_address>
         <size>0x8</size>
         <input_file_ref idref="fl-ca"/>
      </object_component>
      <object_component id="oc-267">
         <name>.sysmem</name>
         <uninitialized>true</uninitialized>
         <run_address>0x20000000</run_address>
         <size>0x0</size>
      </object_component>
      <object_component id="oc-2f">
         <name>.stack</name>
         <uninitialized>true</uninitialized>
         <run_address>0x2000fe00</run_address>
         <size>0x0</size>
         <input_file_ref idref="fl-c4"/>
      </object_component>
      <object_component id="oc-266">
         <name>.stack</name>
         <uninitialized>true</uninitialized>
         <run_address>0x2000fe00</run_address>
         <size>0x0</size>
      </object_component>
      <object_component id="oc-e1">
         <name>.debug_info</name>
         <load_address>0x0</load_address>
         <run_address>0x0</run_address>
         <size>0x5e3</size>
         <input_file_ref idref="fl-2"/>
      </object_component>
      <object_component id="oc-de">
         <name>.debug_info</name>
         <load_address>0x5e3</load_address>
         <run_address>0x5e3</run_address>
         <size>0x16a</size>
         <input_file_ref idref="fl-2"/>
      </object_component>
      <object_component id="oc-7f">
         <name>.debug_info</name>
         <load_address>0x74d</load_address>
         <run_address>0x74d</run_address>
         <size>0x3f1</size>
         <input_file_ref idref="fl-2"/>
      </object_component>
      <object_component id="oc-fc">
         <name>.debug_info</name>
         <load_address>0xb3e</load_address>
         <run_address>0xb3e</run_address>
         <size>0x37e2</size>
         <input_file_ref idref="fl-2"/>
      </object_component>
      <object_component id="oc-14f">
         <name>.debug_info</name>
         <load_address>0x4320</load_address>
         <run_address>0x4320</run_address>
         <size>0x1055</size>
         <input_file_ref idref="fl-2"/>
      </object_component>
      <object_component id="oc-39">
         <name>.debug_info</name>
         <load_address>0x5375</load_address>
         <run_address>0x5375</run_address>
         <size>0x84</size>
         <input_file_ref idref="fl-2"/>
      </object_component>
      <object_component id="oc-e4">
         <name>.debug_info</name>
         <load_address>0x53f9</load_address>
         <run_address>0x53f9</run_address>
         <size>0x18b</size>
         <input_file_ref idref="fl-2"/>
      </object_component>
      <object_component id="oc-190">
         <name>.debug_info</name>
         <load_address>0x5584</load_address>
         <run_address>0x5584</run_address>
         <size>0x4e</size>
         <input_file_ref idref="fl-2"/>
      </object_component>
      <object_component id="oc-178">
         <name>.debug_info</name>
         <load_address>0x55d2</load_address>
         <run_address>0x55d2</run_address>
         <size>0x5db</size>
         <input_file_ref idref="fl-3"/>
      </object_component>
      <object_component id="oc-175">
         <name>.debug_info</name>
         <load_address>0x5bad</load_address>
         <run_address>0x5bad</run_address>
         <size>0x109</size>
         <input_file_ref idref="fl-3"/>
      </object_component>
      <object_component id="oc-127">
         <name>.debug_info</name>
         <load_address>0x5cb6</load_address>
         <run_address>0x5cb6</run_address>
         <size>0x56a</size>
         <input_file_ref idref="fl-3"/>
      </object_component>
      <object_component id="oc-199">
         <name>.debug_info</name>
         <load_address>0x6220</load_address>
         <run_address>0x6220</run_address>
         <size>0x72</size>
         <input_file_ref idref="fl-3"/>
      </object_component>
      <object_component id="oc-f6">
         <name>.debug_info</name>
         <load_address>0x6292</load_address>
         <run_address>0x6292</run_address>
         <size>0x62e</size>
         <input_file_ref idref="fl-4"/>
      </object_component>
      <object_component id="oc-88">
         <name>.debug_info</name>
         <load_address>0x68c0</load_address>
         <run_address>0x68c0</run_address>
         <size>0x7fe</size>
         <input_file_ref idref="fl-4"/>
      </object_component>
      <object_component id="oc-15c">
         <name>.debug_info</name>
         <load_address>0x70be</load_address>
         <run_address>0x70be</run_address>
         <size>0x9a</size>
         <input_file_ref idref="fl-4"/>
      </object_component>
      <object_component id="oc-a6">
         <name>.debug_info</name>
         <load_address>0x7158</load_address>
         <run_address>0x7158</run_address>
         <size>0x2c</size>
         <input_file_ref idref="fl-4"/>
      </object_component>
      <object_component id="oc-8b">
         <name>.debug_info</name>
         <load_address>0x7184</load_address>
         <run_address>0x7184</run_address>
         <size>0x326</size>
         <input_file_ref idref="fl-5"/>
      </object_component>
      <object_component id="oc-12d">
         <name>.debug_info</name>
         <load_address>0x74aa</load_address>
         <run_address>0x74aa</run_address>
         <size>0x6de</size>
         <input_file_ref idref="fl-6"/>
      </object_component>
      <object_component id="oc-bf">
         <name>.debug_info</name>
         <load_address>0x7b88</load_address>
         <run_address>0x7b88</run_address>
         <size>0x2c6</size>
         <input_file_ref idref="fl-6"/>
      </object_component>
      <object_component id="oc-92">
         <name>.debug_info</name>
         <load_address>0x7e4e</load_address>
         <run_address>0x7e4e</run_address>
         <size>0x2ab</size>
         <input_file_ref idref="fl-7"/>
      </object_component>
      <object_component id="oc-2d">
         <name>.debug_info</name>
         <load_address>0x80f9</load_address>
         <run_address>0x80f9</run_address>
         <size>0xe9</size>
         <input_file_ref idref="fl-7"/>
      </object_component>
      <object_component id="oc-79">
         <name>.debug_info</name>
         <load_address>0x81e2</load_address>
         <run_address>0x81e2</run_address>
         <size>0x1b0</size>
         <input_file_ref idref="fl-7"/>
      </object_component>
      <object_component id="oc-146">
         <name>.debug_info</name>
         <load_address>0x8392</load_address>
         <run_address>0x8392</run_address>
         <size>0xe2</size>
         <input_file_ref idref="fl-8"/>
      </object_component>
      <object_component id="oc-d3">
         <name>.debug_info</name>
         <load_address>0x8474</load_address>
         <run_address>0x8474</run_address>
         <size>0x254</size>
         <input_file_ref idref="fl-8"/>
      </object_component>
      <object_component id="oc-121">
         <name>.debug_info</name>
         <load_address>0x86c8</load_address>
         <run_address>0x86c8</run_address>
         <size>0x1c6</size>
         <input_file_ref idref="fl-9"/>
      </object_component>
      <object_component id="oc-14a">
         <name>.debug_info</name>
         <load_address>0x888e</load_address>
         <run_address>0x888e</run_address>
         <size>0x516</size>
         <input_file_ref idref="fl-a"/>
      </object_component>
      <object_component id="oc-d8">
         <name>.debug_info</name>
         <load_address>0x8da4</load_address>
         <run_address>0x8da4</run_address>
         <size>0x331</size>
         <input_file_ref idref="fl-a"/>
      </object_component>
      <object_component id="oc-28">
         <name>.debug_info</name>
         <load_address>0x90d5</load_address>
         <run_address>0x90d5</run_address>
         <size>0x160</size>
         <input_file_ref idref="fl-c4"/>
      </object_component>
      <object_component id="oc-9c">
         <name>.debug_info</name>
         <load_address>0x9235</load_address>
         <run_address>0x9235</run_address>
         <size>0x293</size>
         <input_file_ref idref="fl-c5"/>
      </object_component>
      <object_component id="oc-15">
         <name>.debug_info</name>
         <load_address>0x94c8</load_address>
         <run_address>0x94c8</run_address>
         <size>0x245</size>
         <input_file_ref idref="fl-c5"/>
      </object_component>
      <object_component id="oc-34">
         <name>.debug_info</name>
         <load_address>0x970d</load_address>
         <run_address>0x970d</run_address>
         <size>0x60</size>
         <input_file_ref idref="fl-c5"/>
      </object_component>
      <object_component id="oc-97">
         <name>.debug_info</name>
         <load_address>0x976d</load_address>
         <run_address>0x976d</run_address>
         <size>0x46</size>
         <input_file_ref idref="fl-c5"/>
      </object_component>
      <object_component id="oc-49">
         <name>.debug_info</name>
         <load_address>0x97b3</load_address>
         <run_address>0x97b3</run_address>
         <size>0x2da</size>
         <input_file_ref idref="fl-c6"/>
      </object_component>
      <object_component id="oc-1b">
         <name>.debug_info</name>
         <load_address>0x9a8d</load_address>
         <run_address>0x9a8d</run_address>
         <size>0x1df</size>
         <input_file_ref idref="fl-c6"/>
      </object_component>
      <object_component id="oc-44">
         <name>.debug_info</name>
         <load_address>0x9c6c</load_address>
         <run_address>0x9c6c</run_address>
         <size>0x46</size>
         <input_file_ref idref="fl-c6"/>
      </object_component>
      <object_component id="oc-9e">
         <name>.debug_info</name>
         <load_address>0x9cb2</load_address>
         <run_address>0x9cb2</run_address>
         <size>0x2c</size>
         <input_file_ref idref="fl-c6"/>
      </object_component>
      <object_component id="oc-55">
         <name>.debug_info</name>
         <load_address>0x9cde</load_address>
         <run_address>0x9cde</run_address>
         <size>0x2c9</size>
         <input_file_ref idref="fl-c7"/>
      </object_component>
      <object_component id="oc-24">
         <name>.debug_info</name>
         <load_address>0x9fa7</load_address>
         <run_address>0x9fa7</run_address>
         <size>0x1aa</size>
         <input_file_ref idref="fl-c7"/>
      </object_component>
      <object_component id="oc-50">
         <name>.debug_info</name>
         <load_address>0xa151</load_address>
         <run_address>0xa151</run_address>
         <size>0x46</size>
         <input_file_ref idref="fl-c7"/>
      </object_component>
      <object_component id="oc-cc">
         <name>.debug_info</name>
         <load_address>0xa197</load_address>
         <run_address>0xa197</run_address>
         <size>0x3ce</size>
         <input_file_ref idref="fl-c8"/>
      </object_component>
      <object_component id="oc-c6">
         <name>.debug_info</name>
         <load_address>0xa565</load_address>
         <run_address>0xa565</run_address>
         <size>0x185</size>
         <input_file_ref idref="fl-c8"/>
      </object_component>
      <object_component id="oc-71">
         <name>.debug_info</name>
         <load_address>0xa6ea</load_address>
         <run_address>0xa6ea</run_address>
         <size>0x214</size>
         <input_file_ref idref="fl-c8"/>
      </object_component>
      <object_component id="oc-3f">
         <name>.debug_info</name>
         <load_address>0xa8fe</load_address>
         <run_address>0xa8fe</run_address>
         <size>0x111</size>
         <input_file_ref idref="fl-c9"/>
      </object_component>
      <object_component id="oc-95">
         <name>.debug_info</name>
         <load_address>0xaa0f</load_address>
         <run_address>0xaa0f</run_address>
         <size>0x3bc</size>
         <input_file_ref idref="fl-ca"/>
      </object_component>
      <object_component id="oc-31">
         <name>.debug_info</name>
         <load_address>0xadcb</load_address>
         <run_address>0xadcb</run_address>
         <size>0x101</size>
         <input_file_ref idref="fl-ca"/>
      </object_component>
      <object_component id="oc-157">
         <name>.debug_info</name>
         <load_address>0xaecc</load_address>
         <run_address>0xaecc</run_address>
         <size>0x14c</size>
         <input_file_ref idref="fl-ca"/>
      </object_component>
      <object_component id="oc-f0">
         <name>.debug_info</name>
         <load_address>0xb018</load_address>
         <run_address>0xb018</run_address>
         <size>0x885</size>
         <input_file_ref idref="fl-ca"/>
      </object_component>
      <object_component id="oc-105">
         <name>.debug_info</name>
         <load_address>0xb89d</load_address>
         <run_address>0xb89d</run_address>
         <size>0x2c</size>
         <input_file_ref idref="fl-ca"/>
      </object_component>
      <object_component id="oc-10a">
         <name>.debug_info</name>
         <load_address>0xb8c9</load_address>
         <run_address>0xb8c9</run_address>
         <size>0x62</size>
         <input_file_ref idref="fl-ca"/>
      </object_component>
      <object_component id="oc-4b">
         <name>.debug_info</name>
         <load_address>0xb92b</load_address>
         <run_address>0xb92b</run_address>
         <size>0x13f</size>
         <input_file_ref idref="fl-cb"/>
      </object_component>
      <object_component id="oc-58">
         <name>.debug_info</name>
         <load_address>0xba6a</load_address>
         <run_address>0xba6a</run_address>
         <size>0x138</size>
         <input_file_ref idref="fl-cc"/>
      </object_component>
      <object_component id="oc-5e">
         <name>.debug_info</name>
         <load_address>0xbba2</load_address>
         <run_address>0xbba2</run_address>
         <size>0x148</size>
         <input_file_ref idref="fl-cd"/>
      </object_component>
      <object_component id="oc-18f">
         <name>.debug_info</name>
         <load_address>0xbcea</load_address>
         <run_address>0xbcea</run_address>
         <size>0x355</size>
         <input_file_ref idref="fl-ce"/>
      </object_component>
      <object_component id="oc-171">
         <name>.debug_info</name>
         <load_address>0xc03f</load_address>
         <run_address>0xc03f</run_address>
         <size>0x2e4</size>
         <input_file_ref idref="fl-ce"/>
      </object_component>
      <object_component id="oc-1f6">
         <name>.debug_info</name>
         <load_address>0xc323</load_address>
         <run_address>0xc323</run_address>
         <size>0x2c</size>
         <input_file_ref idref="fl-ce"/>
      </object_component>
      <object_component id="oc-75">
         <name>.debug_info</name>
         <load_address>0xc34f</load_address>
         <run_address>0xc34f</run_address>
         <size>0x109</size>
         <input_file_ref idref="fl-cf"/>
      </object_component>
      <object_component id="oc-155">
         <name>.debug_info</name>
         <load_address>0xc458</load_address>
         <run_address>0xc458</run_address>
         <size>0x284</size>
         <input_file_ref idref="fl-d0"/>
      </object_component>
      <object_component id="oc-ec">
         <name>.debug_info</name>
         <load_address>0xc6dc</load_address>
         <run_address>0xc6dc</run_address>
         <size>0x22a</size>
         <input_file_ref idref="fl-d0"/>
      </object_component>
      <object_component id="oc-141">
         <name>.debug_info</name>
         <load_address>0xc906</load_address>
         <run_address>0xc906</run_address>
         <size>0x2be</size>
         <input_file_ref idref="fl-d1"/>
      </object_component>
      <object_component id="oc-c9">
         <name>.debug_info</name>
         <load_address>0xcbc4</load_address>
         <run_address>0xcbc4</run_address>
         <size>0x113</size>
         <input_file_ref idref="fl-d1"/>
      </object_component>
      <object_component id="oc-13a">
         <name>.debug_info</name>
         <load_address>0xccd7</load_address>
         <run_address>0xccd7</run_address>
         <size>0x21f</size>
         <input_file_ref idref="fl-d1"/>
      </object_component>
      <object_component id="oc-1eb">
         <name>.debug_info</name>
         <load_address>0xcef6</load_address>
         <run_address>0xcef6</run_address>
         <size>0x51f</size>
         <input_file_ref idref="fl-d2"/>
      </object_component>
      <object_component id="oc-18a">
         <name>.debug_info</name>
         <load_address>0xd415</load_address>
         <run_address>0xd415</run_address>
         <size>0x1543</size>
         <input_file_ref idref="fl-d2"/>
      </object_component>
      <object_component id="oc-1ec">
         <name>.debug_info</name>
         <load_address>0xe958</load_address>
         <run_address>0xe958</run_address>
         <size>0x86</size>
         <input_file_ref idref="fl-d2"/>
      </object_component>
      <object_component id="oc-224">
         <name>.debug_info</name>
         <load_address>0xe9de</load_address>
         <run_address>0xe9de</run_address>
         <size>0x46</size>
         <input_file_ref idref="fl-d2"/>
      </object_component>
      <object_component id="oc-1f1">
         <name>.debug_info</name>
         <load_address>0xea24</load_address>
         <run_address>0xea24</run_address>
         <size>0x39</size>
         <input_file_ref idref="fl-d2"/>
      </object_component>
      <object_component id="oc-c4">
         <name>.debug_info</name>
         <load_address>0xea5d</load_address>
         <run_address>0xea5d</run_address>
         <size>0x300</size>
         <input_file_ref idref="fl-d3"/>
      </object_component>
      <object_component id="oc-69">
         <name>.debug_info</name>
         <load_address>0xed5d</load_address>
         <run_address>0xed5d</run_address>
         <size>0x167</size>
         <input_file_ref idref="fl-d3"/>
      </object_component>
      <object_component id="oc-132">
         <name>.debug_info</name>
         <load_address>0xeec4</load_address>
         <run_address>0xeec4</run_address>
         <size>0x5e</size>
         <input_file_ref idref="fl-d3"/>
      </object_component>
      <object_component id="oc-21f">
         <name>.debug_info</name>
         <load_address>0xef22</load_address>
         <run_address>0xef22</run_address>
         <size>0x2ae</size>
         <input_file_ref idref="fl-d4"/>
      </object_component>
      <object_component id="oc-1df">
         <name>.debug_info</name>
         <load_address>0xf1d0</load_address>
         <run_address>0xf1d0</run_address>
         <size>0x171</size>
         <input_file_ref idref="fl-d4"/>
      </object_component>
      <object_component id="oc-bc">
         <name>.debug_info</name>
         <load_address>0xf341</load_address>
         <run_address>0xf341</run_address>
         <size>0x483</size>
         <input_file_ref idref="fl-d5"/>
      </object_component>
      <object_component id="oc-65">
         <name>.debug_info</name>
         <load_address>0xf7c4</load_address>
         <run_address>0xf7c4</run_address>
         <size>0x190</size>
         <input_file_ref idref="fl-d5"/>
      </object_component>
      <object_component id="oc-116">
         <name>.debug_info</name>
         <load_address>0xf954</load_address>
         <run_address>0xf954</run_address>
         <size>0x39</size>
         <input_file_ref idref="fl-d5"/>
      </object_component>
      <object_component id="oc-168">
         <name>.debug_info</name>
         <load_address>0xf98d</load_address>
         <run_address>0xf98d</run_address>
         <size>0x39</size>
         <input_file_ref idref="fl-d5"/>
      </object_component>
      <object_component id="oc-11b">
         <name>.debug_info</name>
         <load_address>0xf9c6</load_address>
         <run_address>0xf9c6</run_address>
         <size>0xcd</size>
         <input_file_ref idref="fl-d5"/>
      </object_component>
      <object_component id="oc-112">
         <name>.debug_info</name>
         <load_address>0xfa93</load_address>
         <run_address>0xfa93</run_address>
         <size>0x37a</size>
         <input_file_ref idref="fl-d6"/>
      </object_component>
      <object_component id="oc-b0">
         <name>.debug_info</name>
         <load_address>0xfe0d</load_address>
         <run_address>0xfe0d</run_address>
         <size>0x183</size>
         <input_file_ref idref="fl-d6"/>
      </object_component>
      <object_component id="oc-163">
         <name>.debug_info</name>
         <load_address>0xff90</load_address>
         <run_address>0xff90</run_address>
         <size>0x2c</size>
         <input_file_ref idref="fl-d6"/>
      </object_component>
      <object_component id="oc-236">
         <name>.debug_info</name>
         <load_address>0xffbc</load_address>
         <run_address>0xffbc</run_address>
         <size>0xee</size>
         <input_file_ref idref="fl-d7"/>
      </object_component>
      <object_component id="oc-21c">
         <name>.debug_info</name>
         <load_address>0x100aa</load_address>
         <run_address>0x100aa</run_address>
         <size>0xfa</size>
         <input_file_ref idref="fl-d7"/>
      </object_component>
      <object_component id="oc-1c9">
         <name>.debug_info</name>
         <load_address>0x101a4</load_address>
         <run_address>0x101a4</run_address>
         <size>0x144</size>
         <input_file_ref idref="fl-d8"/>
      </object_component>
      <object_component id="oc-1a5">
         <name>.debug_info</name>
         <load_address>0x102e8</load_address>
         <run_address>0x102e8</run_address>
         <size>0x120</size>
         <input_file_ref idref="fl-d9"/>
      </object_component>
      <object_component id="oc-1b4">
         <name>.debug_info</name>
         <load_address>0x10408</load_address>
         <run_address>0x10408</run_address>
         <size>0x122</size>
         <input_file_ref idref="fl-d9"/>
      </object_component>
      <object_component id="oc-1ae">
         <name>.debug_info</name>
         <load_address>0x1052a</load_address>
         <run_address>0x1052a</run_address>
         <size>0x132</size>
         <input_file_ref idref="fl-da"/>
      </object_component>
      <object_component id="oc-1aa">
         <name>.debug_info</name>
         <load_address>0x1065c</load_address>
         <run_address>0x1065c</run_address>
         <size>0x132</size>
         <input_file_ref idref="fl-db"/>
      </object_component>
      <object_component id="oc-1b9">
         <name>.debug_info</name>
         <load_address>0x1078e</load_address>
         <run_address>0x1078e</run_address>
         <size>0x126</size>
         <input_file_ref idref="fl-dc"/>
      </object_component>
      <object_component id="oc-1c3">
         <name>.debug_info</name>
         <load_address>0x108b4</load_address>
         <run_address>0x108b4</run_address>
         <size>0x124</size>
         <input_file_ref idref="fl-dd"/>
      </object_component>
      <object_component id="oc-204">
         <name>.debug_info</name>
         <load_address>0x109d8</load_address>
         <run_address>0x109d8</run_address>
         <size>0x2e6</size>
         <input_file_ref idref="fl-de"/>
      </object_component>
      <object_component id="oc-1bd">
         <name>.debug_info</name>
         <load_address>0x10cbe</load_address>
         <run_address>0x10cbe</run_address>
         <size>0x1c2</size>
         <input_file_ref idref="fl-de"/>
      </object_component>
      <object_component id="oc-221">
         <name>.debug_info</name>
         <load_address>0x10e80</load_address>
         <run_address>0x10e80</run_address>
         <size>0x28b</size>
         <input_file_ref idref="fl-df"/>
      </object_component>
      <object_component id="oc-1e6">
         <name>.debug_info</name>
         <load_address>0x1110b</load_address>
         <run_address>0x1110b</run_address>
         <size>0x1ab</size>
         <input_file_ref idref="fl-df"/>
      </object_component>
      <object_component id="oc-208">
         <name>.debug_info</name>
         <load_address>0x112b6</load_address>
         <run_address>0x112b6</run_address>
         <size>0x2d9</size>
         <input_file_ref idref="fl-e0"/>
      </object_component>
      <object_component id="oc-1cd">
         <name>.debug_info</name>
         <load_address>0x1158f</load_address>
         <run_address>0x1158f</run_address>
         <size>0x18a</size>
         <input_file_ref idref="fl-e0"/>
      </object_component>
      <object_component id="oc-209">
         <name>.debug_info</name>
         <load_address>0x11719</load_address>
         <run_address>0x11719</run_address>
         <size>0x2c</size>
         <input_file_ref idref="fl-e0"/>
      </object_component>
      <object_component id="oc-218">
         <name>.debug_info</name>
         <load_address>0x11745</load_address>
         <run_address>0x11745</run_address>
         <size>0x316</size>
         <input_file_ref idref="fl-e1"/>
      </object_component>
      <object_component id="oc-1d5">
         <name>.debug_info</name>
         <load_address>0x11a5b</load_address>
         <run_address>0x11a5b</run_address>
         <size>0x1d5</size>
         <input_file_ref idref="fl-e1"/>
      </object_component>
      <object_component id="oc-b7">
         <name>.debug_info</name>
         <load_address>0x11c30</load_address>
         <run_address>0x11c30</run_address>
         <size>0x145</size>
         <input_file_ref idref="fl-e2"/>
      </object_component>
      <object_component id="oc-21a">
         <name>.debug_info</name>
         <load_address>0x11d75</load_address>
         <run_address>0x11d75</run_address>
         <size>0x28f</size>
         <input_file_ref idref="fl-e3"/>
      </object_component>
      <object_component id="oc-1d9">
         <name>.debug_info</name>
         <load_address>0x12004</load_address>
         <run_address>0x12004</run_address>
         <size>0x244</size>
         <input_file_ref idref="fl-e3"/>
      </object_component>
      <object_component id="oc-1a0">
         <name>.debug_info</name>
         <load_address>0x12248</load_address>
         <run_address>0x12248</run_address>
         <size>0x17d</size>
         <input_file_ref idref="fl-e4"/>
      </object_component>
      <object_component id="oc-215">
         <name>.debug_info</name>
         <load_address>0x123c5</load_address>
         <run_address>0x123c5</run_address>
         <size>0xf3</size>
         <input_file_ref idref="fl-e5"/>
      </object_component>
      <object_component id="oc-210">
         <name>.debug_info</name>
         <load_address>0x124b8</load_address>
         <run_address>0x124b8</run_address>
         <size>0x156</size>
         <input_file_ref idref="fl-e6"/>
      </object_component>
      <object_component id="oc-268">
         <name>.debug_info</name>
         <load_address>0x1260e</load_address>
         <run_address>0x1260e</run_address>
         <size>0x98</size>
      </object_component>
      <object_component id="oc-14e">
         <name>.debug_line</name>
         <load_address>0x0</load_address>
         <run_address>0x0</run_address>
         <size>0x3f</size>
         <input_file_ref idref="fl-2"/>
      </object_component>
      <object_component id="oc-14c">
         <name>.debug_line</name>
         <load_address>0x3f</load_address>
         <run_address>0x3f</run_address>
         <size>0x32</size>
         <input_file_ref idref="fl-2"/>
      </object_component>
      <object_component id="oc-82">
         <name>.debug_line</name>
         <load_address>0x71</load_address>
         <run_address>0x71</run_address>
         <size>0x154</size>
         <input_file_ref idref="fl-2"/>
      </object_component>
      <object_component id="oc-ff">
         <name>.debug_line</name>
         <load_address>0x1c5</load_address>
         <run_address>0x1c5</run_address>
         <size>0x52</size>
         <input_file_ref idref="fl-2"/>
      </object_component>
      <object_component id="oc-152">
         <name>.debug_line</name>
         <load_address>0x217</load_address>
         <run_address>0x217</run_address>
         <size>0x55</size>
         <input_file_ref idref="fl-2"/>
      </object_component>
      <object_component id="oc-3c">
         <name>.debug_line</name>
         <load_address>0x26c</load_address>
         <run_address>0x26c</run_address>
         <size>0x20</size>
         <input_file_ref idref="fl-2"/>
      </object_component>
      <object_component id="oc-e7">
         <name>.debug_line</name>
         <load_address>0x28c</load_address>
         <run_address>0x28c</run_address>
         <size>0x65</size>
         <input_file_ref idref="fl-2"/>
      </object_component>
      <object_component id="oc-193">
         <name>.debug_line</name>
         <load_address>0x2f1</load_address>
         <run_address>0x2f1</run_address>
         <size>0x65</size>
         <input_file_ref idref="fl-2"/>
      </object_component>
      <object_component id="oc-198">
         <name>.debug_line</name>
         <load_address>0x356</load_address>
         <run_address>0x356</run_address>
         <size>0x83</size>
         <input_file_ref idref="fl-3"/>
      </object_component>
      <object_component id="oc-196">
         <name>.debug_line</name>
         <load_address>0x3d9</load_address>
         <run_address>0x3d9</run_address>
         <size>0x32</size>
         <input_file_ref idref="fl-3"/>
      </object_component>
      <object_component id="oc-12b">
         <name>.debug_line</name>
         <load_address>0x40b</load_address>
         <run_address>0x40b</run_address>
         <size>0x155</size>
         <input_file_ref idref="fl-3"/>
      </object_component>
      <object_component id="oc-19c">
         <name>.debug_line</name>
         <load_address>0x560</load_address>
         <run_address>0x560</run_address>
         <size>0x32</size>
         <input_file_ref idref="fl-3"/>
      </object_component>
      <object_component id="oc-15b">
         <name>.debug_line</name>
         <load_address>0x592</load_address>
         <run_address>0x592</run_address>
         <size>0xb9</size>
         <input_file_ref idref="fl-4"/>
      </object_component>
      <object_component id="oc-86">
         <name>.debug_line</name>
         <load_address>0x64b</load_address>
         <run_address>0x64b</run_address>
         <size>0x229</size>
         <input_file_ref idref="fl-4"/>
      </object_component>
      <object_component id="oc-15f">
         <name>.debug_line</name>
         <load_address>0x874</load_address>
         <run_address>0x874</run_address>
         <size>0x2f</size>
         <input_file_ref idref="fl-4"/>
      </object_component>
      <object_component id="oc-a9">
         <name>.debug_line</name>
         <load_address>0x8a3</load_address>
         <run_address>0x8a3</run_address>
         <size>0x65</size>
         <input_file_ref idref="fl-4"/>
      </object_component>
      <object_component id="oc-8e">
         <name>.debug_line</name>
         <load_address>0x908</load_address>
         <run_address>0x908</run_address>
         <size>0x137</size>
         <input_file_ref idref="fl-5"/>
      </object_component>
      <object_component id="oc-17c">
         <name>.debug_line</name>
         <load_address>0xa3f</load_address>
         <run_address>0xa3f</run_address>
         <size>0x6a</size>
         <input_file_ref idref="fl-6"/>
      </object_component>
      <object_component id="oc-c1">
         <name>.debug_line</name>
         <load_address>0xaa9</load_address>
         <run_address>0xaa9</run_address>
         <size>0x69</size>
         <input_file_ref idref="fl-6"/>
      </object_component>
      <object_component id="oc-102">
         <name>.debug_line</name>
         <load_address>0xb12</load_address>
         <run_address>0xb12</run_address>
         <size>0x40</size>
         <input_file_ref idref="fl-7"/>
      </object_component>
      <object_component id="oc-91">
         <name>.debug_line</name>
         <load_address>0xb52</load_address>
         <run_address>0xb52</run_address>
         <size>0x40</size>
         <input_file_ref idref="fl-7"/>
      </object_component>
      <object_component id="oc-7c">
         <name>.debug_line</name>
         <load_address>0xb92</load_address>
         <run_address>0xb92</run_address>
         <size>0x71</size>
         <input_file_ref idref="fl-7"/>
      </object_component>
      <object_component id="oc-181">
         <name>.debug_line</name>
         <load_address>0xc03</load_address>
         <run_address>0xc03</run_address>
         <size>0x3b</size>
         <input_file_ref idref="fl-8"/>
      </object_component>
      <object_component id="oc-d2">
         <name>.debug_line</name>
         <load_address>0xc3e</load_address>
         <run_address>0xc3e</run_address>
         <size>0x159</size>
         <input_file_ref idref="fl-8"/>
      </object_component>
      <object_component id="oc-124">
         <name>.debug_line</name>
         <load_address>0xd97</load_address>
         <run_address>0xd97</run_address>
         <size>0xb5</size>
         <input_file_ref idref="fl-9"/>
      </object_component>
      <object_component id="oc-183">
         <name>.debug_line</name>
         <load_address>0xe4c</load_address>
         <run_address>0xe4c</run_address>
         <size>0x20</size>
         <input_file_ref idref="fl-a"/>
      </object_component>
      <object_component id="oc-dc">
         <name>.debug_line</name>
         <load_address>0xe6c</load_address>
         <run_address>0xe6c</run_address>
         <size>0xf5</size>
         <input_file_ref idref="fl-a"/>
      </object_component>
      <object_component id="oc-2a">
         <name>.debug_line</name>
         <load_address>0xf61</load_address>
         <run_address>0xf61</run_address>
         <size>0x53</size>
         <input_file_ref idref="fl-c4"/>
      </object_component>
      <object_component id="oc-110">
         <name>.debug_line</name>
         <load_address>0xfb4</load_address>
         <run_address>0xfb4</run_address>
         <size>0x20</size>
         <input_file_ref idref="fl-c5"/>
      </object_component>
      <object_component id="oc-18">
         <name>.debug_line</name>
         <load_address>0xfd4</load_address>
         <run_address>0xfd4</run_address>
         <size>0xa9</size>
         <input_file_ref idref="fl-c5"/>
      </object_component>
      <object_component id="oc-37">
         <name>.debug_line</name>
         <load_address>0x107d</load_address>
         <run_address>0x107d</run_address>
         <size>0x3a</size>
         <input_file_ref idref="fl-c5"/>
      </object_component>
      <object_component id="oc-9a">
         <name>.debug_line</name>
         <load_address>0x10b7</load_address>
         <run_address>0x10b7</run_address>
         <size>0x8a</size>
         <input_file_ref idref="fl-c5"/>
      </object_component>
      <object_component id="oc-a4">
         <name>.debug_line</name>
         <load_address>0x1141</load_address>
         <run_address>0x1141</run_address>
         <size>0x8a</size>
         <input_file_ref idref="fl-c6"/>
      </object_component>
      <object_component id="oc-1e">
         <name>.debug_line</name>
         <load_address>0x11cb</load_address>
         <run_address>0x11cb</run_address>
         <size>0x55</size>
         <input_file_ref idref="fl-c6"/>
      </object_component>
      <object_component id="oc-47">
         <name>.debug_line</name>
         <load_address>0x1220</load_address>
         <run_address>0x1220</run_address>
         <size>0x3a</size>
         <input_file_ref idref="fl-c6"/>
      </object_component>
      <object_component id="oc-a1">
         <name>.debug_line</name>
         <load_address>0x125a</load_address>
         <run_address>0x125a</run_address>
         <size>0x8a</size>
         <input_file_ref idref="fl-c6"/>
      </object_component>
      <object_component id="oc-ac">
         <name>.debug_line</name>
         <load_address>0x12e4</load_address>
         <run_address>0x12e4</run_address>
         <size>0x8a</size>
         <input_file_ref idref="fl-c7"/>
      </object_component>
      <object_component id="oc-21">
         <name>.debug_line</name>
         <load_address>0x136e</load_address>
         <run_address>0x136e</run_address>
         <size>0x4f</size>
         <input_file_ref idref="fl-c7"/>
      </object_component>
      <object_component id="oc-53">
         <name>.debug_line</name>
         <load_address>0x13bd</load_address>
         <run_address>0x13bd</run_address>
         <size>0x34</size>
         <input_file_ref idref="fl-c7"/>
      </object_component>
      <object_component id="oc-144">
         <name>.debug_line</name>
         <load_address>0x13f1</load_address>
         <run_address>0x13f1</run_address>
         <size>0xf2</size>
         <input_file_ref idref="fl-c8"/>
      </object_component>
      <object_component id="oc-138">
         <name>.debug_line</name>
         <load_address>0x14e3</load_address>
         <run_address>0x14e3</run_address>
         <size>0x2a</size>
         <input_file_ref idref="fl-c8"/>
      </object_component>
      <object_component id="oc-73">
         <name>.debug_line</name>
         <load_address>0x150d</load_address>
         <run_address>0x150d</run_address>
         <size>0x86</size>
         <input_file_ref idref="fl-c8"/>
      </object_component>
      <object_component id="oc-42">
         <name>.debug_line</name>
         <load_address>0x1593</load_address>
         <run_address>0x1593</run_address>
         <size>0x88</size>
         <input_file_ref idref="fl-c9"/>
      </object_component>
      <object_component id="oc-104">
         <name>.debug_line</name>
         <load_address>0x161b</load_address>
         <run_address>0x161b</run_address>
         <size>0xff</size>
         <input_file_ref idref="fl-ca"/>
      </object_component>
      <object_component id="oc-94">
         <name>.debug_line</name>
         <load_address>0x171a</load_address>
         <run_address>0x171a</run_address>
         <size>0x2c</size>
         <input_file_ref idref="fl-ca"/>
      </object_component>
      <object_component id="oc-187">
         <name>.debug_line</name>
         <load_address>0x1746</load_address>
         <run_address>0x1746</run_address>
         <size>0x2c</size>
         <input_file_ref idref="fl-ca"/>
      </object_component>
      <object_component id="oc-f3">
         <name>.debug_line</name>
         <load_address>0x1772</load_address>
         <run_address>0x1772</run_address>
         <size>0x2fa</size>
         <input_file_ref idref="fl-ca"/>
      </object_component>
      <object_component id="oc-108">
         <name>.debug_line</name>
         <load_address>0x1a6c</load_address>
         <run_address>0x1a6c</run_address>
         <size>0x8a</size>
         <input_file_ref idref="fl-ca"/>
      </object_component>
      <object_component id="oc-10d">
         <name>.debug_line</name>
         <load_address>0x1af6</load_address>
         <run_address>0x1af6</run_address>
         <size>0x2c</size>
         <input_file_ref idref="fl-ca"/>
      </object_component>
      <object_component id="oc-4e">
         <name>.debug_line</name>
         <load_address>0x1b22</load_address>
         <run_address>0x1b22</run_address>
         <size>0x79</size>
         <input_file_ref idref="fl-cb"/>
      </object_component>
      <object_component id="oc-5a">
         <name>.debug_line</name>
         <load_address>0x1b9b</load_address>
         <run_address>0x1b9b</run_address>
         <size>0x3d</size>
         <input_file_ref idref="fl-cc"/>
      </object_component>
      <object_component id="oc-60">
         <name>.debug_line</name>
         <load_address>0x1bd8</load_address>
         <run_address>0x1bd8</run_address>
         <size>0x40</size>
         <input_file_ref idref="fl-cd"/>
      </object_component>
      <object_component id="oc-1fc">
         <name>.debug_line</name>
         <load_address>0x1c18</load_address>
         <run_address>0x1c18</run_address>
         <size>0x97</size>
         <input_file_ref idref="fl-ce"/>
      </object_component>
      <object_component id="oc-170">
         <name>.debug_line</name>
         <load_address>0x1caf</load_address>
         <run_address>0x1caf</run_address>
         <size>0x83</size>
         <input_file_ref idref="fl-ce"/>
      </object_component>
      <object_component id="oc-1f9">
         <name>.debug_line</name>
         <load_address>0x1d32</load_address>
         <run_address>0x1d32</run_address>
         <size>0x89</size>
         <input_file_ref idref="fl-ce"/>
      </object_component>
      <object_component id="oc-cf">
         <name>.debug_line</name>
         <load_address>0x1dbb</load_address>
         <run_address>0x1dbb</run_address>
         <size>0x33</size>
         <input_file_ref idref="fl-cf"/>
      </object_component>
      <object_component id="oc-185">
         <name>.debug_line</name>
         <load_address>0x1dee</load_address>
         <run_address>0x1dee</run_address>
         <size>0x20</size>
         <input_file_ref idref="fl-d0"/>
      </object_component>
      <object_component id="oc-ee">
         <name>.debug_line</name>
         <load_address>0x1e0e</load_address>
         <run_address>0x1e0e</run_address>
         <size>0xaa</size>
         <input_file_ref idref="fl-d0"/>
      </object_component>
      <object_component id="oc-17f">
         <name>.debug_line</name>
         <load_address>0x1eb8</load_address>
         <run_address>0x1eb8</run_address>
         <size>0x20</size>
         <input_file_ref idref="fl-d1"/>
      </object_component>
      <object_component id="oc-140">
         <name>.debug_line</name>
         <load_address>0x1ed8</load_address>
         <run_address>0x1ed8</run_address>
         <size>0x2b</size>
         <input_file_ref idref="fl-d1"/>
      </object_component>
      <object_component id="oc-13d">
         <name>.debug_line</name>
         <load_address>0x1f03</load_address>
         <run_address>0x1f03</run_address>
         <size>0x68</size>
         <input_file_ref idref="fl-d1"/>
      </object_component>
      <object_component id="oc-223">
         <name>.debug_line</name>
         <load_address>0x1f6b</load_address>
         <run_address>0x1f6b</run_address>
         <size>0x16a</size>
         <input_file_ref idref="fl-d2"/>
      </object_component>
      <object_component id="oc-18d">
         <name>.debug_line</name>
         <load_address>0x20d5</load_address>
         <run_address>0x20d5</run_address>
         <size>0xc3e</size>
         <input_file_ref idref="fl-d2"/>
      </object_component>
      <object_component id="oc-1ef">
         <name>.debug_line</name>
         <load_address>0x2d13</load_address>
         <run_address>0x2d13</run_address>
         <size>0x8a</size>
         <input_file_ref idref="fl-d2"/>
      </object_component>
      <object_component id="oc-227">
         <name>.debug_line</name>
         <load_address>0x2d9d</load_address>
         <run_address>0x2d9d</run_address>
         <size>0x8a</size>
         <input_file_ref idref="fl-d2"/>
      </object_component>
      <object_component id="oc-1f4">
         <name>.debug_line</name>
         <load_address>0x2e27</load_address>
         <run_address>0x2e27</run_address>
         <size>0x2e</size>
         <input_file_ref idref="fl-d2"/>
      </object_component>
      <object_component id="oc-131">
         <name>.debug_line</name>
         <load_address>0x2e55</load_address>
         <run_address>0x2e55</run_address>
         <size>0x2b</size>
         <input_file_ref idref="fl-d3"/>
      </object_component>
      <object_component id="oc-6c">
         <name>.debug_line</name>
         <load_address>0x2e80</load_address>
         <run_address>0x2e80</run_address>
         <size>0x4a</size>
         <input_file_ref idref="fl-d3"/>
      </object_component>
      <object_component id="oc-135">
         <name>.debug_line</name>
         <load_address>0x2eca</load_address>
         <run_address>0x2eca</run_address>
         <size>0x2b</size>
         <input_file_ref idref="fl-d3"/>
      </object_component>
      <object_component id="oc-238">
         <name>.debug_line</name>
         <load_address>0x2ef5</load_address>
         <run_address>0x2ef5</run_address>
         <size>0x89</size>
         <input_file_ref idref="fl-d4"/>
      </object_component>
      <object_component id="oc-1e2">
         <name>.debug_line</name>
         <load_address>0x2f7e</load_address>
         <run_address>0x2f7e</run_address>
         <size>0x63</size>
         <input_file_ref idref="fl-d4"/>
      </object_component>
      <object_component id="oc-115">
         <name>.debug_line</name>
         <load_address>0x2fe1</load_address>
         <run_address>0x2fe1</run_address>
         <size>0xa9</size>
         <input_file_ref idref="fl-d5"/>
      </object_component>
      <object_component id="oc-67">
         <name>.debug_line</name>
         <load_address>0x308a</load_address>
         <run_address>0x308a</run_address>
         <size>0x8b</size>
         <input_file_ref idref="fl-d5"/>
      </object_component>
      <object_component id="oc-119">
         <name>.debug_line</name>
         <load_address>0x3115</load_address>
         <run_address>0x3115</run_address>
         <size>0x2e</size>
         <input_file_ref idref="fl-d5"/>
      </object_component>
      <object_component id="oc-16b">
         <name>.debug_line</name>
         <load_address>0x3143</load_address>
         <run_address>0x3143</run_address>
         <size>0x8a</size>
         <input_file_ref idref="fl-d5"/>
      </object_component>
      <object_component id="oc-11e">
         <name>.debug_line</name>
         <load_address>0x31cd</load_address>
         <run_address>0x31cd</run_address>
         <size>0x8b</size>
         <input_file_ref idref="fl-d5"/>
      </object_component>
      <object_component id="oc-162">
         <name>.debug_line</name>
         <load_address>0x3258</load_address>
         <run_address>0x3258</run_address>
         <size>0x98</size>
         <input_file_ref idref="fl-d6"/>
      </object_component>
      <object_component id="oc-b3">
         <name>.debug_line</name>
         <load_address>0x32f0</load_address>
         <run_address>0x32f0</run_address>
         <size>0x68</size>
         <input_file_ref idref="fl-d6"/>
      </object_component>
      <object_component id="oc-166">
         <name>.debug_line</name>
         <load_address>0x3358</load_address>
         <run_address>0x3358</run_address>
         <size>0x2e</size>
         <input_file_ref idref="fl-d6"/>
      </object_component>
      <object_component id="oc-23c">
         <name>.debug_line</name>
         <load_address>0x3386</load_address>
         <run_address>0x3386</run_address>
         <size>0x20</size>
         <input_file_ref idref="fl-d7"/>
      </object_component>
      <object_component id="oc-235">
         <name>.debug_line</name>
         <load_address>0x33a6</load_address>
         <run_address>0x33a6</run_address>
         <size>0x2b</size>
         <input_file_ref idref="fl-d7"/>
      </object_component>
      <object_component id="oc-1cb">
         <name>.debug_line</name>
         <load_address>0x33d1</load_address>
         <run_address>0x33d1</run_address>
         <size>0xd2</size>
         <input_file_ref idref="fl-d8"/>
      </object_component>
      <object_component id="oc-1a4">
         <name>.debug_line</name>
         <load_address>0x34a3</load_address>
         <run_address>0x34a3</run_address>
         <size>0x77</size>
         <input_file_ref idref="fl-d9"/>
      </object_component>
      <object_component id="oc-1b6">
         <name>.debug_line</name>
         <load_address>0x351a</load_address>
         <run_address>0x351a</run_address>
         <size>0x77</size>
         <input_file_ref idref="fl-d9"/>
      </object_component>
      <object_component id="oc-1b1">
         <name>.debug_line</name>
         <load_address>0x3591</load_address>
         <run_address>0x3591</run_address>
         <size>0xa8</size>
         <input_file_ref idref="fl-da"/>
      </object_component>
      <object_component id="oc-1a9">
         <name>.debug_line</name>
         <load_address>0x3639</load_address>
         <run_address>0x3639</run_address>
         <size>0x8e</size>
         <input_file_ref idref="fl-db"/>
      </object_component>
      <object_component id="oc-1b8">
         <name>.debug_line</name>
         <load_address>0x36c7</load_address>
         <run_address>0x36c7</run_address>
         <size>0x5a</size>
         <input_file_ref idref="fl-dc"/>
      </object_component>
      <object_component id="oc-1c6">
         <name>.debug_line</name>
         <load_address>0x3721</load_address>
         <run_address>0x3721</run_address>
         <size>0x50</size>
         <input_file_ref idref="fl-dd"/>
      </object_component>
      <object_component id="oc-22a">
         <name>.debug_line</name>
         <load_address>0x3771</load_address>
         <run_address>0x3771</run_address>
         <size>0x8a</size>
         <input_file_ref idref="fl-de"/>
      </object_component>
      <object_component id="oc-1c1">
         <name>.debug_line</name>
         <load_address>0x37fb</load_address>
         <run_address>0x37fb</run_address>
         <size>0x66</size>
         <input_file_ref idref="fl-de"/>
      </object_component>
      <object_component id="oc-23a">
         <name>.debug_line</name>
         <load_address>0x3861</load_address>
         <run_address>0x3861</run_address>
         <size>0x20</size>
         <input_file_ref idref="fl-df"/>
      </object_component>
      <object_component id="oc-1e5">
         <name>.debug_line</name>
         <load_address>0x3881</load_address>
         <run_address>0x3881</run_address>
         <size>0x48</size>
         <input_file_ref idref="fl-df"/>
      </object_component>
      <object_component id="oc-22c">
         <name>.debug_line</name>
         <load_address>0x38c9</load_address>
         <run_address>0x38c9</run_address>
         <size>0x20</size>
         <input_file_ref idref="fl-e0"/>
      </object_component>
      <object_component id="oc-1d0">
         <name>.debug_line</name>
         <load_address>0x38e9</load_address>
         <run_address>0x38e9</run_address>
         <size>0x5e</size>
         <input_file_ref idref="fl-e0"/>
      </object_component>
      <object_component id="oc-20c">
         <name>.debug_line</name>
         <load_address>0x3947</load_address>
         <run_address>0x3947</run_address>
         <size>0x8a</size>
         <input_file_ref idref="fl-e0"/>
      </object_component>
      <object_component id="oc-231">
         <name>.debug_line</name>
         <load_address>0x39d1</load_address>
         <run_address>0x39d1</run_address>
         <size>0x93</size>
         <input_file_ref idref="fl-e1"/>
      </object_component>
      <object_component id="oc-1d7">
         <name>.debug_line</name>
         <load_address>0x3a64</load_address>
         <run_address>0x3a64</run_address>
         <size>0xa1</size>
         <input_file_ref idref="fl-e1"/>
      </object_component>
      <object_component id="oc-ba">
         <name>.debug_line</name>
         <load_address>0x3b05</load_address>
         <run_address>0x3b05</run_address>
         <size>0x3c</size>
         <input_file_ref idref="fl-e2"/>
      </object_component>
      <object_component id="oc-233">
         <name>.debug_line</name>
         <load_address>0x3b41</load_address>
         <run_address>0x3b41</run_address>
         <size>0x20</size>
         <input_file_ref idref="fl-e3"/>
      </object_component>
      <object_component id="oc-1dd">
         <name>.debug_line</name>
         <load_address>0x3b61</load_address>
         <run_address>0x3b61</run_address>
         <size>0xa8</size>
         <input_file_ref idref="fl-e3"/>
      </object_component>
      <object_component id="oc-19f">
         <name>.debug_line</name>
         <load_address>0x3c09</load_address>
         <run_address>0x3c09</run_address>
         <size>0x118</size>
         <input_file_ref idref="fl-e4"/>
      </object_component>
      <object_component id="oc-22f">
         <name>.debug_line</name>
         <load_address>0x3d21</load_address>
         <run_address>0x3d21</run_address>
         <size>0x2b</size>
         <input_file_ref idref="fl-e5"/>
      </object_component>
      <object_component id="oc-212">
         <name>.debug_line</name>
         <load_address>0x3d4c</load_address>
         <run_address>0x3d4c</run_address>
         <size>0x45</size>
         <input_file_ref idref="fl-e6"/>
      </object_component>
      <object_component id="oc-83">
         <name>.debug_frame</name>
         <load_address>0x0</load_address>
         <run_address>0x0</run_address>
         <size>0xe8</size>
         <input_file_ref idref="fl-2"/>
      </object_component>
      <object_component id="oc-12a">
         <name>.debug_frame</name>
         <load_address>0xe8</load_address>
         <run_address>0xe8</run_address>
         <size>0xa8</size>
         <input_file_ref idref="fl-3"/>
      </object_component>
      <object_component id="oc-87">
         <name>.debug_frame</name>
         <load_address>0x190</load_address>
         <run_address>0x190</run_address>
         <size>0x18c</size>
         <input_file_ref idref="fl-4"/>
      </object_component>
      <object_component id="oc-8f">
[...]
         <value>0x1de1</value>
         <object_component_ref idref="oc-84"/>
      </symbol>
      <symbol id="sm-148">
         <name>buffer_initialize</name>
         <value>0x1e8f</value>
         <object_component_ref idref="oc-84"/>
      </symbol>
      <symbol id="sm-149">
         <name>buffer_clear</name>
         <value>0x1ee1</value>
         <object_component_ref idref="oc-84"/>
      </symbol>
      <symbol id="sm-16f">
         <name>gpio_pwmconfig</name>
         <value>0x2517</value>
         <object_component_ref idref="oc-8a"/>
      </symbol>
      <symbol id="sm-170">
         <name>PORT1_IRQHandler</name>
         <value>0x2649</value>
         <object_component_ref idref="oc-8a"/>
      </symbol>
      <symbol id="sm-171">
         <name>gpio_config</name>
         <value>0x250d</value>
         <object_component_ref idref="oc-8a"/>
      </symbol>
      <symbol id="sm-172">
         <name>gpio_LEDout</name>
         <value>0x261f</value>
         <object_component_ref idref="oc-8a"/>
      </symbol>
      <symbol id="sm-173">
         <name>gpio_LEDconfig</name>
         <value>0x25cd</value>
         <object_component_ref idref="oc-8a"/>
      </symbol>
      <symbol id="sm-18b">
         <name>value</name>
         <value>0x20000446</value>
      </symbol>
      <symbol id="sm-18c">
         <name>main</name>
         <value>0x2881</value>
         <object_component_ref idref="oc-bd"/>
      </symbol>
      <symbol id="sm-1a1">
         <name>Reset_Handler</name>
         <value>0x35bf</value>
         <object_component_ref idref="oc-78"/>
      </symbol>
      <symbol id="sm-1a2">
         <name>Default_Handler</name>
         <value>0x35cb</value>
         <object_component_ref idref="oc-78"/>
      </symbol>
      <symbol id="sm-1a3">
         <name>interruptVectors</name>
         <value>0x0</value>
         <object_component_ref idref="oc-2c"/>
      </symbol>
      <symbol id="sm-1eb">
         <name>SystemInit</name>
         <value>0x1cf5</value>
         <object_component_ref idref="oc-d0"/>
      </symbol>
      <symbol id="sm-1ec">
         <name>SystemCoreClockUpdate</name>
         <value>0x1a7d</value>
         <object_component_ref idref="oc-d0"/>
      </symbol>
      <symbol id="sm-1ed">
         <name>SystemCoreClock</name>
         <value>0x2000043c</value>
         <object_component_ref idref="oc-145"/>
      </symbol>
      <symbol id="sm-209">
         <name>timerA1_config</name>
         <value>0x29f7</value>
         <object_component_ref idref="oc-120"/>
      </symbol>
      <symbol id="sm-20a">
         <name>pwm</name>
         <value>0x2a13</value>
         <object_component_ref idref="oc-120"/>
      </symbol>
      <symbol id="sm-20b">
         <name>timerA0_config</name>
         <value>0x29d9</value>
         <object_component_ref idref="oc-120"/>
      </symbol>
      <symbol id="sm-22a">
         <name>UART_send_n</name>
         <value>0x2d03</value>
         <object_component_ref idref="oc-d7"/>
      </symbol>
      <symbol id="sm-22b">
         <name>UART_Configure</name>
         <value>0x2c8d</value>
         <object_component_ref idref="oc-d7"/>
      </symbol>
      <symbol id="sm-22c">
         <name>UART_send_byte</name>
         <value>0x2ce7</value>
         <object_component_ref idref="oc-d7"/>
      </symbol>
      <symbol id="sm-23d">
         <name>_c_int00</name>
         <value>0x331d</value>
         <object_component_ref idref="oc-26"/>
      </symbol>
      <symbol id="sm-23e">
         <name>__stack</name>
         <value>0x2000fe00</value>
         <object_component_ref idref="oc-2f"/>
      </symbol>
      <symbol id="sm-25c">
         <name>__TI_decompress_lzss</name>
         <value>0x31f1</value>
         <object_component_ref idref="oc-14"/>
      </symbol>
      <symbol id="sm-273">
         <name>__TI_decompress_none</name>
         <value>0x35b1</value>
         <object_component_ref idref="oc-1a"/>
      </symbol>
      <symbol id="sm-285">
         <name>__TI_zero_init</name>
         <value>0x35cd</value>
         <object_component_ref idref="oc-20"/>
      </symbol>
      <symbol id="sm-2a6">
         <name>C$$EXIT</name>
         <value>0x3371</value>
         <object_component_ref idref="oc-6e"/>
      </symbol>
      <symbol id="sm-2a7">
         <name>abort</name>
         <value>0x3375</value>
         <object_component_ref idref="oc-6e"/>
      </symbol>
      <symbol id="sm-2a8">
         <name>exit</name>
         <value>0x337d</value>
         <object_component_ref idref="oc-6e"/>
      </symbol>
      <symbol id="sm-2a9">
         <name>__TI_dtors_ptr</name>
         <value>0x20000404</value>
         <object_component_ref idref="oc-c5"/>
      </symbol>
      <symbol id="sm-2aa">
         <name>__TI_cleanup_ptr</name>
         <value>0x20000400</value>
         <object_component_ref idref="oc-c5"/>
      </symbol>
      <symbol id="sm-2ab">
         <name>__TI_enable_exit_profile_output</name>
         <value>0x20000408</value>
         <object_component_ref idref="oc-c5"/>
      </symbol>
      <symbol id="sm-2c6">
         <name>memcpy</name>
         <value>0x2f5d</value>
         <object_component_ref idref="oc-3e"/>
      </symbol>
      <symbol id="sm-2c7">
         <name>__aeabi_memcpy</name>
         <value>0x2f5d</value>
         <object_component_ref idref="oc-3e"/>
      </symbol>
      <symbol id="sm-2c8">
         <name>__aeabi_memcpy8</name>
         <value>0x2f5d</value>
         <object_component_ref idref="oc-3e"/>
      </symbol>
      <symbol id="sm-2c9">
         <name>__aeabi_memcpy4</name>
         <value>0x2f5d</value>
         <object_component_ref idref="oc-3e"/>
      </symbol>
      <symbol id="sm-340">
         <name>_sys_memory</name>
         <value>0x20000000</value>
         <object_component_ref idref="oc-30"/>
      </symbol>
      <symbol id="sm-341">
         <name>free</name>
         <value>0x1797</value>
         <object_component_ref idref="oc-ef"/>
      </symbol>
      <symbol id="sm-342">
         <name>realloc</name>
         <value>0x1857</value>
         <object_component_ref idref="oc-ef"/>
      </symbol>
      <symbol id="sm-343">
         <name>memalign</name>
         <value>0x1961</value>
         <object_component_ref idref="oc-ef"/>
      </symbol>
      <symbol id="sm-344">
         <name>calloc</name>
         <value>0x1a4d</value>
         <object_component_ref idref="oc-ef"/>
      </symbol>
      <symbol id="sm-345">
         <name>malloc</name>
         <value>0x172d</value>
         <object_component_ref idref="oc-ef"/>
      </symbol>
      <symbol id="sm-346">
         <name>minit</name>
         <value>0x16ad</value>
         <object_component_ref idref="oc-ef"/>
      </symbol>
      <symbol id="sm-355">
         <name>__aeabi_memset</name>
         <value>0x3107</value>
         <object_component_ref idref="oc-4a"/>
      </symbol>
      <symbol id="sm-356">
         <name>memset</name>
         <value>0x310d</value>
         <object_component_ref idref="oc-4a"/>
      </symbol>
      <symbol id="sm-357">
         <name>__aeabi_memset8</name>
         <value>0x3107</value>
         <object_component_ref idref="oc-4a"/>
      </symbol>
      <symbol id="sm-358">
         <name>__aeabi_memset4</name>
         <value>0x3107</value>
         <object_component_ref idref="oc-4a"/>
      </symbol>
      <symbol id="sm-359">
         <name>__aeabi_memclr8</name>
         <value>0x3105</value>
         <object_component_ref idref="oc-4a"/>
      </symbol>
      <symbol id="sm-35a">
         <name>__aeabi_memclr4</name>
         <value>0x3105</value>
         <object_component_ref idref="oc-4a"/>
      </symbol>
      <symbol id="sm-35b">
         <name>__aeabi_memclr</name>
         <value>0x3105</value>
         <object_component_ref idref="oc-4a"/>
      </symbol>
      <symbol id="sm-365">
         <name>__mpu_init</name>
         <value>0x1223</value>
         <object_component_ref idref="oc-56"/>
      </symbol>
      <symbol id="sm-36f">
         <name>_system_pre_init</name>
         <value>0x35d9</value>
         <object_component_ref idref="oc-5c"/>
      </symbol>
      <symbol id="sm-388">
         <name>sprintf</name>
         <value>0x32bd</value>
         <object_component_ref idref="oc-16e"/>
      </symbol>
      <symbol id="sm-390">
         <name>main_func_sp</name>
         <value>0x20000438</value>
         <object_component_ref idref="oc-74"/>
      </symbol>
      <symbol id="sm-39e">
         <name>strlen</name>
         <value>0x359d</value>
         <object_component_ref idref="oc-e9"/>
      </symbol>
      <symbol id="sm-3b7">
         <name>_nop</name>
         <value>0x3583</value>
         <object_component_ref idref="oc-139"/>
      </symbol>
      <symbol id="sm-3b8">
         <name>_lock</name>
         <value>0x20000424</value>
         <object_component_ref idref="oc-c8"/>
      </symbol>
      <symbol id="sm-3b9">
         <name>_unlock</name>
         <value>0x20000428</value>
         <object_component_ref idref="oc-c8"/>
      </symbol>
      <symbol id="sm-3ba">
         <name>_register_lock</name>
         <value>0x357b</value>
         <object_component_ref idref="oc-139"/>
      </symbol>
      <symbol id="sm-3bb">
         <name>_register_unlock</name>
         <value>0x3575</value>
         <object_component_ref idref="oc-139"/>
      </symbol>
      <symbol id="sm-4bc">
         <name>__TI_printfi</name>
         <value>0x929</value>
         <object_component_ref idref="oc-188"/>
      </symbol>
      <symbol id="sm-4d0">
         <name>_args_main</name>
         <value>0x3545</value>
         <object_component_ref idref="oc-68"/>
      </symbol>
      <symbol id="sm-4e6">
         <name>atoi</name>
         <value>0x3419</value>
         <object_component_ref idref="oc-1de"/>
      </symbol>
      <symbol id="sm-510">
         <name>__TI_auto_init</name>
         <value>0x3181</value>
         <object_component_ref idref="oc-62"/>
      </symbol>
      <symbol id="sm-52a">
         <name>copy_in</name>
         <value>0x3465</value>
         <object_component_ref idref="oc-af"/>
      </symbol>
      <symbol id="sm-535">
         <name>_ctypes_</name>
         <value>0x35dc</value>
         <object_component_ref idref="oc-21b"/>
      </symbol>
      <symbol id="sm-54c">
         <name>__aeabi_dsub</name>
         <value>0x26c9</value>
         <object_component_ref idref="oc-1c7"/>
      </symbol>
      <symbol id="sm-54d">
         <name>__aeabi_dadd</name>
         <value>0x26d3</value>
         <object_component_ref idref="oc-1c7"/>
      </symbol>
      <symbol id="sm-56f">
         <name>__aeabi_cdcmpeq</name>
         <value>0x2ff9</value>
         <object_component_ref idref="oc-1a3"/>
      </symbol>
      <symbol id="sm-570">
         <name>__aeabi_cdcmple</name>
         <value>0x2ff9</value>
         <object_component_ref idref="oc-1a3"/>
      </symbol>
      <symbol id="sm-571">
         <name>__aeabi_cdrcmple</name>
         <value>0x307f</value>
         <object_component_ref idref="oc-1b2"/>
      </symbol>
      <symbol id="sm-585">
         <name>__aeabi_ddiv</name>
         <value>0x2b29</value>
         <object_component_ref idref="oc-1ad"/>
      </symbol>
      <symbol id="sm-590">
         <name>__aeabi_dmul</name>
         <value>0x2d65</value>
         <object_component_ref idref="oc-1a8"/>
      </symbol>
      <symbol id="sm-59a">
         <name>__aeabi_d2iz</name>
         <value>0x34b1</value>
         <object_component_ref idref="oc-1b7"/>
      </symbol>
      <symbol id="sm-5a4">
         <name>__aeabi_i2d</name>
         <value>0x34f9</value>
         <object_component_ref idref="oc-1c2"/>
      </symbol>
      <symbol id="sm-5b3">
         <name>ltoa</name>
         <value>0x33c5</value>
         <object_component_ref idref="oc-1bc"/>
      </symbol>
      <symbol id="sm-5c3">
         <name>memccpy</name>
         <value>0x3527</value>
         <object_component_ref idref="oc-1e4"/>
      </symbol>
      <symbol id="sm-5de">
         <name>frexpl</name>
         <value>0x3259</value>
         <object_component_ref idref="oc-1cc"/>
      </symbol>
      <symbol id="sm-5df">
         <name>frexp</name>
         <value>0x3259</value>
         <object_component_ref idref="oc-1cc"/>
      </symbol>
      <symbol id="sm-5fc">
         <name>scalbn</name>
         <value>0x2e61</value>
         <object_component_ref idref="oc-1d2"/>
      </symbol>
      <symbol id="sm-5fd">
         <name>scalbnl</name>
         <value>0x2e61</value>
         <object_component_ref idref="oc-1d2"/>
      </symbol>
      <symbol id="sm-5fe">
         <name>ldexpl</name>
         <value>0x2e61</value>
         <object_component_ref idref="oc-1d2"/>
      </symbol>
      <symbol id="sm-5ff">
         <name>ldexp</name>
         <value>0x2e61</value>
         <object_component_ref idref="oc-1d2"/>
      </symbol>
      <symbol id="sm-609">
         <name>_system_post_cinit</name>
         <value>0x287f</value>
         <object_component_ref idref="oc-b5"/>
      </symbol>
      <symbol id="sm-619">
         <name>strchr</name>
         <value>0x355d</value>
         <object_component_ref idref="oc-1d8"/>
      </symbol>
      <symbol id="sm-635">
         <name>__aeabi_uldivmod</name>
         <value>0x22ed</value>
         <object_component_ref idref="oc-19e"/>
      </symbol>
      <symbol id="sm-63d">
         <name>errno</name>
         <value>0x20000434</value>
         <object_component_ref idref="oc-214"/>
      </symbol>
      <symbol id="sm-647">
         <name>copysign</name>
         <value>0x3589</value>
         <object_component_ref idref="oc-20e"/>
      </symbol>
      <symbol id="sm-648">
         <name>copysignl</name>
         <value>0x3589</value>
         <object_component_ref idref="oc-20e"/>
      </symbol>
      <symbol id="sm-649">
         <name>__TI_static_base__</name>
         <value>0x0</value>
      </symbol>
      <symbol id="sm-64c">
         <name>SHT$$INIT_ARRAY$$Limit</name>
         <value>0x0</value>
      </symbol>
      <symbol id="sm-64d">
         <name>SHT$$INIT_ARRAY$$Base</name>
         <value>0x0</value>
      </symbol>
      <symbol id="sm-64e">
         <name>NMI_Handler</name>
         <value>0x35cb</value>
      </symbol>
      <symbol id="sm-64f">
         <name>HardFault_Handler</name>
         <value>0x35cb</value>
      </symbol>
      <symbol id="sm-650">
         <name>MemManage_Handler</name>
         <value>0x35cb</value>
      </symbol>
      <symbol id="sm-651">
         <name>BusFault_Handler</name>
         <value>0x35cb</value>
      </symbol>
      <symbol id="sm-652">
         <name>UsageFault_Handler</name>
         <value>0x35cb</value>
      </symbol>
      <symbol id="sm-653">
         <name>SVC_Handler</name>
         <value>0x35cb</value>
      </symbol>
      <symbol id="sm-654">
         <name>DebugMon_Handler</name>
         <value>0x35cb</value>
      </symbol>
      <symbol id="sm-655">
         <name>PendSV_Handler</name>
         <value>0x35cb</value>
      </symbol>
      <symbol id="sm-656">
         <name>SysTick_Handler</name>
         <value>0x35cb</value>
      </symbol>
      <symbol id="sm-657">
         <name>PSS_IRQHandler</name>
         <value>0x35cb</value>
      </symbol>
      <symbol id="sm-658">
         <name>CS_IRQHandler</name>
         <value>0x35cb</value>
      </symbol>
      <symbol id="sm-659">
         <name>PCM_IRQHandler</name>
         <value>0x35cb</value>
      </symbol>
      <symbol id="sm-65a">
         <name>WDT_A_IRQHandler</name>
         <value>0x35cb</value>
      </symbol>
      <symbol id="sm-65b">
         <name>FPU_IRQHandler</name>
         <value>0x35cb</value>
      </symbol>
      <symbol id="sm-65c">
         <name>FLCTL_IRQHandler</name>
         <value>0x35cb</value>
      </symbol>
      <symbol id="sm-65d">
         <name>COMP_E0_IRQHandler</name>
         <value>0x35cb</value>
      </symbol>
      <symbol id="sm-65e">
         <name>COMP_E1_IRQHandler</name>
         <value>0x35cb</value>
      </symbol>
      <symbol id="sm-65f">
         <name>TA0_0_IRQHandler</name>
         <value>0x35cb</value>
      </symbol>
      <symbol id="sm-660">
         <name>TA0_N_IRQHandler</name>
         <value>0x35cb</value>
      </symbol>
      <symbol id="sm-661">
         <name>TA1_0_IRQHandler</name>
         <value>0x35cb</value>
      </symbol>
      <symbol id="sm-662">
         <name>TA1_N_IRQHandler</name>
         <value>0x35cb</value>
      </symbol>
      <symbol id="sm-663">
         <name>TA2_0_IRQHandler</name>
         <value>0x35cb</value>
      </symbol>
      <symbol id="sm-664">
         <name>TA2_N_IRQHandler</name>
         <value>0x217b</value>
      </symbol>
      <symbol id="sm-665">
         <name>TA3_0_IRQHandler</name>
         <value>0x35cb</value>
      </symbol>
      <symbol id="sm-666">
         <name>TA3_N_IRQHandler</name>
         <value>0x219d</value>
      </symbol>
      <symbol id="sm-667">
         <name>EUSCIA0_IRQHandler</name>
         <value>0x35cb</value>
      </symbol>
      <symbol id="sm-668">
         <name>EUSCIA1_IRQHandler</name>
         <value>0x35cb</value>
      </symbol>
      <symbol id="sm-669">
         <name>EUSCIA2_IRQHandler</name>
         <value>0x1e27</value>
      </symbol>
      <symbol id="sm-66a">
         <name>EUSCIA3_IRQHandler</name>
         <value>0x35cb</value>
      </symbol>
      <symbol id="sm-66b">
         <name>EUSCIB0_IRQHandler</name>
         <value>0x35cb</value>
      </symbol>
      <symbol id="sm-66c">
         <name>EUSCIB1_IRQHandler</name>
         <value>0x35cb</value>
      </symbol>
      <symbol id="sm-66d">
         <name>EUSCIB2_IRQHandler</name>
         <value>0x35cb</value>
      </symbol>
      <symbol id="sm-66e">
         <name>EUSCIB3_IRQHandler</name>
         <value>0x35cb</value>
      </symbol>
      <symbol id="sm-66f">
         <name>ADC14_IRQHandler</name>
         <value>0x35cb</value>
      </symbol>
      <symbol id="sm-670">
         <name>T32_INT1_IRQHandler</name>
         <value>0x35cb</value>
      </symbol>
      <symbol id="sm-671">
         <name>T32_INT2_IRQHandler</name>
         <value>0x35cb</value>
      </symbol>
      <symbol id="sm-672">
         <name>T32_INTC_IRQHandler</name>
         <value>0x35cb</value>
      </symbol>
      <symbol id="sm-673">
         <name>AES256_IRQHandler</name>
         <value>0x35cb</value>
      </symbol>
      <symbol id="sm-674">
         <name>RTC_C_IRQHandler</name>
         <value>0x35cb</value>
      </symbol>
      <symbol id="sm-675">
         <name>DMA_ERR_IRQHandler</name>
         <value>0x35cb</value>
      </symbol>
      <symbol id="sm-676">
         <name>DMA_INT3_IRQHandler</name>
         <value>0x35cb</value>
      </symbol>
      <symbol id="sm-677">
         <name>DMA_INT2_IRQHandler</name>
         <value>0x35cb</value>
      </symbol>
      <symbol id="sm-678">
         <name>DMA_INT1_IRQHandler</name>
         <value>0x35cb</value>
      </symbol>
      <symbol id="sm-679">
         <name>DMA_INT0_IRQHandler</name>
         <value>0x35cb</value>
      </symbol>
      <symbol id="sm-67a">
         <name>PORT1_IRQHandler</name>
         <value>0x2649</value>
      </symbol>
      <symbol id="sm-67b">
         <name>PORT2_IRQHandler</name>
         <value>0x2169</value>
      </symbol>
      <symbol id="sm-67c">
         <name>PORT3_IRQHandler</name>
         <value>0x35cb</value>
      </symbol>
      <symbol id="sm-67d">
         <name>PORT4_IRQHandler</name>
         <value>0x35cb</value>
      </symbol>
      <symbol id="sm-67e">
         <name>PORT5_IRQHandler</name>
         <value>0x35cb</value>
      </symbol>
      <symbol id="sm-67f">
         <name>PORT6_IRQHandler</name>
         <value>0x35cb</value>
      </symbol>
   </symbol_table>
   <title>Link successful</title>
</link_info>
